Archive member included to satisfy reference by file (symbol)

D:/CrossWorks for ARM 4.8/lib/libc_v7m_t_le_eabi.a(libc2.o)
                              Projeto3_Relogio THUMB Debug/main.o (sprintf)
D:/CrossWorks for ARM 4.8/lib/libc_v7m_t_le_eabi.a(libc2_asm.o)
                              D:/CrossWorks for ARM 4.8/lib/libc_v7m_t_le_eabi.a(libc2.o) (memcpy)
D:/CrossWorks for ARM 4.8/lib/libc_v7m_t_le_eabi.a(libvfprintf.o)
                              (__vfprintf_float_long_long)
D:/CrossWorks for ARM 4.8/lib/libc_v7m_t_le_eabi.a(libvfscanf.o)
                              (__vfscanf_float_long_long_cc)
D:/CrossWorks for ARM 4.8/lib/libc_v7m_t_le_eabi.a(libc.o)
                              D:/CrossWorks for ARM 4.8/lib/libc_v7m_t_le_eabi.a(libc2.o) (__heap_lock)
D:/CrossWorks for ARM 4.8/lib/libc_v7m_t_le_eabi.a(libc_asm.o)
                              D:/CrossWorks for ARM 4.8/lib/libc_v7m_t_le_eabi.a(libc2.o) (__aeabi_uldivmod)
D:/CrossWorks for ARM 4.8/lib/libdebugio_v7m_t_le_eabi.a(libdebugio.o)
                              Projeto3_Relogio THUMB Debug/thumb_crt0.o (debug_fopen)
D:/CrossWorks for ARM 4.8/lib/libdebugio_v7m_t_le_eabi.a(do_nv_debug_operation.o)
                              D:/CrossWorks for ARM 4.8/lib/libdebugio_v7m_t_le_eabi.a(libdebugio.o) (__do_nvdebug_operation)
D:/CrossWorks for ARM 4.8/lib/libdebugio_v7m_t_le_eabi.a(mempoll_debug_operations.o)
                              (__do_debug_operation_mempoll)
D:/CrossWorks for ARM 4.8/lib/libm_v7m_t_le_eabi.a(libm_asm.o)
                              D:/CrossWorks for ARM 4.8/lib/libc_v7m_t_le_eabi.a(libc2.o) (__aeabi_i2f)
D:/CrossWorks for ARM 4.8/lib/libm_v7m_t_le_eabi.a(libm2.o)
                              D:/CrossWorks for ARM 4.8/lib/libc_v7m_t_le_eabi.a(libvfprintf.o) (frexp)
D:/CrossWorks for ARM 4.8/lib/libm_v7m_t_le_eabi.a(libm2_asm.o)
                              D:/CrossWorks for ARM 4.8/lib/libm_v7m_t_le_eabi.a(libm2.o) (fabs)

Discarded input sections

 .group         0x0000000000000000        0xc Projeto3_Relogio THUMB Debug/main.o
 .group         0x0000000000000000        0xc Projeto3_Relogio THUMB Debug/main.o
 .group         0x0000000000000000        0xc Projeto3_Relogio THUMB Debug/main.o
 .group         0x0000000000000000        0xc Projeto3_Relogio THUMB Debug/main.o
 .group         0x0000000000000000        0xc Projeto3_Relogio THUMB Debug/main.o
 .group         0x0000000000000000        0xc Projeto3_Relogio THUMB Debug/main.o
 .group         0x0000000000000000        0xc Projeto3_Relogio THUMB Debug/main.o
 .group         0x0000000000000000        0xc Projeto3_Relogio THUMB Debug/main.o
 .group         0x0000000000000000        0xc Projeto3_Relogio THUMB Debug/main.o
 .group         0x0000000000000000        0xc Projeto3_Relogio THUMB Debug/main.o
 .text          0x0000000000000000        0x0 Projeto3_Relogio THUMB Debug/main.o
 .data          0x0000000000000000        0x0 Projeto3_Relogio THUMB Debug/main.o
 .bss           0x0000000000000000        0x0 Projeto3_Relogio THUMB Debug/main.o
 .data.speed    0x0000000000000000        0x4 Projeto3_Relogio THUMB Debug/main.o
 .bss.clock_spritesheet
                0x0000000000000000       0x10 Projeto3_Relogio THUMB Debug/main.o
 .data.clock_character
                0x0000000000000000        0x8 Projeto3_Relogio THUMB Debug/main.o
 .text.createCustomSpritesheet
                0x0000000000000000       0x3c Projeto3_Relogio THUMB Debug/main.o
 .group         0x0000000000000000        0xc Projeto3_Relogio THUMB Debug/gpio.o
 .group         0x0000000000000000        0xc Projeto3_Relogio THUMB Debug/gpio.o
 .group         0x0000000000000000        0xc Projeto3_Relogio THUMB Debug/gpio.o
 .group         0x0000000000000000        0xc Projeto3_Relogio THUMB Debug/gpio.o
 .group         0x0000000000000000        0xc Projeto3_Relogio THUMB Debug/gpio.o
 .group         0x0000000000000000        0xc Projeto3_Relogio THUMB Debug/gpio.o
 .group         0x0000000000000000        0xc Projeto3_Relogio THUMB Debug/gpio.o
 .group         0x0000000000000000        0xc Projeto3_Relogio THUMB Debug/gpio.o
 .text          0x0000000000000000        0x0 Projeto3_Relogio THUMB Debug/gpio.o
 .data          0x0000000000000000        0x0 Projeto3_Relogio THUMB Debug/gpio.o
 .bss           0x0000000000000000        0x0 Projeto3_Relogio THUMB Debug/gpio.o
 .text.gpio_pin_read
                0x0000000000000000       0x2a Projeto3_Relogio THUMB Debug/gpio.o
 .debug_macro   0x0000000000000000      0xab4 Projeto3_Relogio THUMB Debug/gpio.o
 .debug_macro   0x0000000000000000       0x56 Projeto3_Relogio THUMB Debug/gpio.o
 .debug_macro   0x0000000000000000      0x18d Projeto3_Relogio THUMB Debug/gpio.o
 .debug_macro   0x0000000000000000       0x1c Projeto3_Relogio THUMB Debug/gpio.o
 .debug_macro   0x0000000000000000       0x22 Projeto3_Relogio THUMB Debug/gpio.o
 .debug_macro   0x0000000000000000       0xd8 Projeto3_Relogio THUMB Debug/gpio.o
[...]
Memory Configuration

Name             Origin             Length             Attributes
UNPLACED_SECTIONS 0x0000000100000000 0x0000000000000000 xw
FLASH            0x0000000008000000 0x0000000000008000 xr
SYSTEM           0x000000001ffff000 0x0000000000000800 xw
OPTION           0x000000001ffff800 0x0000000000000010 xw
RAM              0x0000000020000000 0x0000000000002800 xw
APB1             0x0000000040000000 0x0000000000010000 xw
APB2             0x0000000040010000 0x0000000000018000 xw
AHB              0x0000000040020000 0x0000000000003400 xw
PPB              0x00000000e0000000 0x0000000000100000 xw
DBG              0x00000000e0042000 0x0000000000000010 xw
*default*        0x0000000000000000 0xffffffffffffffff

Linker script and memory map

                0x0000000000000000                __do_debug_operation = __do_debug_operation_mempoll
                0x0000000008000ac0                __vfprintf = __vfprintf_float_long_long
                0x0000000000000000                __vfscanf = __vfscanf_float_long_long_cc
                0x0000000008000000                __FLASH_segment_start__ = 0x8000000
                0x0000000008008000                __FLASH_segment_end__ = 0x8008000
                0x0000000000008000                __FLASH_segment_size__ = 0x8000
                0x000000001ffff000                __SYSTEM_segment_start__ = 0x1ffff000
                0x000000001ffff800                __SYSTEM_segment_end__ = 0x1ffff800
                0x0000000000000800                __SYSTEM_segment_size__ = 0x800
                0x000000001ffff800                __OPTION_segment_start__ = 0x1ffff800
                0x000000001ffff810                __OPTION_segment_end__ = 0x1ffff810
                0x0000000000000010                __OPTION_segment_size__ = 0x10
                0x0000000020000000                __RAM_segment_start__ = 0x20000000
                0x0000000020002800                __RAM_segment_end__ = 0x20002800
                0x0000000000002800                __RAM_segment_size__ = 0x2800
                0x0000000040000000                __APB1_segment_start__ = 0x40000000
                0x0000000040010000                __APB1_segment_end__ = 0x40010000
                0x0000000000010000                __APB1_segment_size__ = 0x10000
                0x0000000040010000                __APB2_segment_start__ = 0x40010000
                0x0000000040028000                __APB2_segment_end__ = 0x40028000
                0x0000000000018000                __APB2_segment_size__ = 0x18000
                0x0000000040020000                __AHB_segment_start__ = 0x40020000
                0x0000000040023400                __AHB_segment_end__ = 0x40023400
                0x0000000000003400                __AHB_segment_size__ = 0x3400
                0x00000000e0000000                __PPB_segment_start__ = 0xe0000000
                0x00000000e0100000                __PPB_segment_end__ = 0xe0100000
                0x0000000000100000                __PPB_segment_size__ = 0x100000
                0x00000000e0042000                __DBG_segment_start__ = 0xe0042000
                0x00000000e0042010                __DBG_segment_end__ = 0xe0042010
                0x0000000000000010                __DBG_segment_size__ = 0x10
                0x0000000000000080                __HEAPSIZE__ = 0x80
                0x0000000000000000                __STACKSIZE_ABT__ = 0x0
                0x0000000000000000                __STACKSIZE_FIQ__ = 0x0
                0x0000000000000000                __STACKSIZE_IRQ__ = 0x0
                0x0000000000000000                __STACKSIZE_PROCESS__ = 0x0
                0x0000000000000000                __STACKSIZE_SVC__ = 0x0
                0x0000000000000000                __STACKSIZE_UND__ = 0x0
                0x0000000000000100                __STACKSIZE__ = 0x100
                0x0000000020000000                __vectors_ram_load_start__ = ALIGN (__RAM_segment_start__, 0x100)

.vectors_ram    0x0000000020000000        0x0
                0x0000000020000000                __vectors_ram_start__ = .
 *(.vectors_ram .vectors_ram.*)
                0x0000000020000000                __vectors_ram_end__ = (__vectors_ram_start__ + SIZEOF (.vectors_ram))
                0x0000000000000000                __vectors_ram_size__ = SIZEOF (.vectors_ram)
                0x0000000020000000                __vectors_ram_load_end__ = __vectors_ram_end__
                0x0000000000000001                . = ASSERT (((__vectors_ram_start__ == __vectors_ram_end__) || ((__vectors_ram_end__ - __RAM_segment_start__) <= __RAM_segment_size__)), error: .vectors_ram is too large to fit in RAM memory segment)
                0x0000000008000000                __vectors_load_start__ = ALIGN (__FLASH_segment_start__, 0x100)

.vectors        0x0000000008000000       0xec
                0x0000000008000000                __vectors_start__ = .
 *(.vectors .vectors.*)
 .vectors       0x0000000008000000       0xec Projeto3_Relogio THUMB Debug/STM32_Startup.o
                0x0000000008000000                _vectors
                0x00000000080000ec                __vectors_end__ = (__vectors_start__ + SIZEOF (.vectors))
                0x00000000000000ec                __vectors_size__ = SIZEOF (.vectors)
                0x00000000080000ec                __vectors_load_end__ = __vectors_end__
                0x0000000000000001                . = ASSERT (((__vectors_start__ == __vectors_end__) || ((__vectors_end__ - __FLASH_segment_start__) <= __FLASH_segment_size__)), error: .vectors is too large to fit in FLASH memory segment)
                0x00000000080000ec                __init_load_start__ = ALIGN (__vectors_end__, 0x4)

.init           0x00000000080000ec      0x1c4
                0x00000000080000ec                __init_start__ = .
 *(.init .init.*)
 .init          0x00000000080000ec      0x154 Projeto3_Relogio THUMB Debug/thumb_crt0.o
                0x00000000080000ec                _start
                0x000000000800019c                exit
 .init          0x0000000008000240       0x70 Projeto3_Relogio THUMB Debug/STM32_Startup.o
                0x0000000008000240                NMI_Handler
                0x0000000008000242                HardFault_Handler
                0x0000000008000244                MemManage_Handler
                0x0000000008000246                BusFault_Handler
                0x0000000008000248                UsageFault_Handler
                0x000000000800024a                SVC_Handler
                0x000000000800024c                DebugMon_Handler
                0x000000000800024e                PendSV_Handler
                0x0000000008000252                WWDG_IRQHandler
                0x0000000008000254                PVD_IRQHandler
                0x0000000008000256                TAMPER_IRQHandler
                0x0000000008000258                RTC_IRQHandler
                0x000000000800025a                FLASH_IRQHandler
                0x000000000800025c                RCC_IRQHandler
                0x000000000800025e                EXTI0_IRQHandler
                0x0000000008000260                EXTI1_IRQHandler
                0x0000000008000262                EXTI2_IRQHandler
                0x0000000008000264                EXTI3_IRQHandler
                0x0000000008000266                EXTI4_IRQHandler
                0x0000000008000268                DMA1_Channel1_IRQHandler
                0x000000000800026a                DMA1_Channel2_IRQHandler
                0x000000000800026c                DMA1_Channel3_IRQHandler
                0x000000000800026e                DMA1_Channel4_IRQHandler
                0x0000000008000270                DMA1_Channel5_IRQHandler
                0x0000000008000272                DMA1_Channel6_IRQHandler
                0x0000000008000274                DMA1_Channel7_IRQHandler
                0x0000000008000276                ADC1_2_IRQHandler
                0x0000000008000278                USB_HP_CAN1_TX_IRQHandler
                0x000000000800027a                USB_LP_CAN1_RX0_IRQHandler
                0x000000000800027c                CAN1_RX1_IRQHandler
                0x000000000800027e                CAN1_SCE_IRQHandler
                0x0000000008000280                EXTI9_5_IRQHandler
                0x0000000008000282                TIM1_BRK_IRQHandler
                0x0000000008000284                TIM1_UP_IRQHandler
                0x0000000008000286                TIM1_TRG_COM_IRQHandler
                0x0000000008000288                TIM1_CC_IRQHandler
                0x000000000800028a                TIM2_IRQHandler
                0x000000000800028c                TIM3_IRQHandler
                0x000000000800028e                I2C1_EV_IRQHandler
                0x0000000008000290                I2C1_ER_IRQHandler
                0x0000000008000292                SPI1_IRQHandler
                0x0000000008000294                USART1_IRQHandler
                0x0000000008000296                USART2_IRQHandler
                0x0000000008000298                EXTI15_10_IRQHandler
                0x000000000800029a                RTC_Alarm_IRQHandler
                0x000000000800029c                USBWakeUp_IRQHandler
                0x000000000800029e                reset_handler
                0x00000000080002b0                __init_end__ = (__init_start__ + SIZEOF (.init))
                0x00000000000001c4                __init_size__ = SIZEOF (.init)
                0x00000000080002b0                __init_load_end__ = __init_end__
                0x0000000000000001                . = ASSERT (((__init_start__ == __init_end__) || ((__init_end__ - __FLASH_segment_start__) <= __FLASH_segment_size__)), error: .init is too large to fit in FLASH memory segment)
                0x00000000080002b0                __init_rodata_load_start__ = ALIGN (__init_end__, 0x4)

.init_rodata    0x00000000080002b0        0x0
                0x00000000080002b0                __init_rodata_start__ = .
 *(.init_rodata .init_rodata.*)
                0x00000000080002b0                __init_rodata_end__ = (__init_rodata_start__ + SIZEOF (.init_rodata))
                0x0000000000000000                __init_rodata_size__ = SIZEOF (.init_rodata)
                0x00000000080002b0                __init_rodata_load_end__ = __init_rodata_end__
                0x0000000000000001                . = ASSERT (((__init_rodata_start__ == __init_rodata_end__) || ((__init_rodata_end__ - __FLASH_segment_start__) <= __FLASH_segment_size__)), error: .init_rodata is too large to fit in FLASH memory segment)
                0x00000000080002b0                __text_load_start__ = ALIGN (__init_rodata_end__, 0x4)

.text           0x00000000080002b0     0x2532
                0x00000000080002b0                __text_start__ = .
 *(.text .text.* .glue_7t .glue_7 .gnu.linkonce.t.* .gcc_except_table .ARM.extab* .gnu.linkonce.armextab.*)
 .glue_7        0x00000000080002b0        0x0 linker stubs
 .glue_7t       0x00000000080002b0        0x0 linker stubs
 .text.__NVIC_SetPriority
                0x00000000080002b0       0x50 Projeto3_Relogio THUMB Debug/main.o
 .text.SysTick_Config
                0x0000000008000300       0x40 Projeto3_Relogio THUMB Debug/main.o
 .text.ticket_to_a_second
                0x0000000008000340       0x18 Projeto3_Relogio THUMB Debug/main.o
                0x0000000008000340                ticket_to_a_second
 .text.get_seconds
                0x0000000008000358       0x24 Projeto3_Relogio THUMB Debug/main.o
                0x0000000008000358                get_seconds
 .text.get_minutes
                0x000000000800037c       0x2c Projeto3_Relogio THUMB Debug/main.o
                0x000000000800037c                get_minutes
 .text.get_hours
                0x00000000080003a8       0x34 Projeto3_Relogio THUMB Debug/main.o
                0x00000000080003a8                get_hours
 .text.createCustomCharacter
                0x00000000080003dc       0x48 Projeto3_Relogio THUMB Debug/main.o
                0x00000000080003dc                createCustomCharacter
 .text.get_time
                0x0000000008000424       0x34 Projeto3_Relogio THUMB Debug/main.o
                0x0000000008000424                get_time
 .text.preconfigure
                0x0000000008000458       0x18 Projeto3_Relogio THUMB Debug/main.o
                0x0000000008000458                preconfigure
 .text.main     0x0000000008000470       0x78 Projeto3_Relogio THUMB Debug/main.o
                0x0000000008000470                main
 .text.SysTick_Handler
                0x00000000080004e8       0x30 Projeto3_Relogio THUMB Debug/main.o
                0x00000000080004e8                SysTick_Handler
 .text.gpio_pin_mode
                0x0000000008000518       0x8c Projeto3_Relogio THUMB Debug/gpio.o
                0x0000000008000518                gpio_pin_mode
 .text.gpio_pin_write
                0x00000000080005a4       0x4a Projeto3_Relogio THUMB Debug/gpio.o
                0x00000000080005a4                gpio_pin_write
 *fill*         0x00000000080005ee        0x2 
 .text.gpio_init
                0x00000000080005f0       0x60 Projeto3_Relogio THUMB Debug/gpio.o
                0x00000000080005f0                gpio_init
 .text.sendnibble
                0x0000000008000650       0xb0 Projeto3_Relogio THUMB Debug/lcd.o
                0x0000000008000650                sendnibble
 .text.lcd_init
                0x0000000008000700       0xac Projeto3_Relogio THUMB Debug/lcd.o
                0x0000000008000700                lcd_init
 .text.delay_lcd
                0x00000000080007ac       0x1c Projeto3_Relogio THUMB Debug/lcd.o
                0x00000000080007ac                delay_lcd
 .text.lcd_print_str_xy
                0x00000000080007c8       0x6a Projeto3_Relogio THUMB Debug/lcd.o
                0x00000000080007c8                lcd_print_str_xy
 .text.lcd_print_str
                0x0000000008000832       0x2a Projeto3_Relogio THUMB Debug/lcd.o
                0x0000000008000832                lcd_print_str
 .text.lcd_char
                0x000000000800085c       0x40 Projeto3_Relogio THUMB Debug/lcd.o
                0x000000000800085c                lcd_char
 .text.lcd_cmd  0x000000000800089c       0x40 Projeto3_Relogio THUMB Debug/lcd.o
                0x000000000800089c                lcd_cmd
 .text.lcd_cursor_pos
                0x00000000080008dc       0x56 Projeto3_Relogio THUMB Debug/lcd.o
                0x00000000080008dc                lcd_cursor_pos
 *fill*         0x0000000008000932        0x2 
 .text.__aeabi_read_tp
                0x0000000008000934        0x8 Projeto3_Relogio THUMB Debug/thumb_crt0.o
                0x0000000008000934                __aeabi_read_tp
 .text.libc.__RAL_pow10
                0x000000000800093c       0x50 D:/CrossWorks for ARM 4.8/lib/libc_v7m_t_le_eabi.a(libc2.o)
                0x000000000800093c                __RAL_pow10
 .text.libc.__putc
                0x000000000800098c       0x36 D:/CrossWorks for ARM 4.8/lib/libc_v7m_t_le_eabi.a(libc2.o)
                0x000000000800098c                __putc
 .text.libc.__RAL_print_padding
                0x00000000080009c2       0x1c D:/CrossWorks for ARM 4.8/lib/libc_v7m_t_le_eabi.a(libc2.o)
                0x00000000080009c2                __RAL_print_padding
 .text.libc.__RAL_pre_padding
                0x00000000080009de       0x1a D:/CrossWorks for ARM 4.8/lib/libc_v7m_t_le_eabi.a(libc2.o)
                0x00000000080009de                __RAL_pre_padding
 .text.libc.abs
                0x00000000080009f8        0x8 D:/CrossWorks for ARM 4.8/lib/libc_v7m_t_le_eabi.a(libc2.o)
                0x00000000080009f8                abs
 .text.libc.__aeabi_errno_addr
                0x0000000008000a00       0x14 D:/CrossWorks for ARM 4.8/lib/libc_v7m_t_le_eabi.a(libc2.o)
                0x0000000008000a00                __aeabi_errno_addr
 .text.libc.sprintf
                0x0000000008000a14       0x2a D:/CrossWorks for ARM 4.8/lib/libc_v7m_t_le_eabi.a(libc2.o)
                0x0000000008000a14                sprintf
 .text.libc.strnlen
                0x0000000008000a3e       0x22 D:/CrossWorks for ARM 4.8/lib/libc_v7m_t_le_eabi.a(libc2.o)
                0x0000000008000a3e                strnlen
 .text.libc.strlen
                0x0000000008000a60       0x60 D:/CrossWorks for ARM 4.8/lib/libc_v7m_t_le_eabi.a(libc2_asm.o)
                0x0000000008000a60                strlen
 .text.libc.__vfprintf_float_long_long
                0x0000000008000ac0     0x10a4 D:/CrossWorks for ARM 4.8/lib/libc_v7m_t_le_eabi.a(libvfprintf.o)
                0x0000000008000ac0                __vfprintf_float_long_long
 .text.libc.__int64_udivmod
                0x0000000008001b64       0xce D:/CrossWorks for ARM 4.8/lib/libc_v7m_t_le_eabi.a(libc_asm.o)
                0x0000000008001b64                __aeabi_uldivmod
                0x0000000008001b64                __int64_udiv
                0x0000000008001b64                __udivdi3
                0x0000000008001b64                __int64_udivmod
 .text.libc.__int64_to_float64
                0x0000000008001c32       0xa0 D:/CrossWorks for ARM 4.8/lib/libm_v7m_t_le_eabi.a(libm_asm.o)
                0x0000000008001c32                __int64_to_float64
                0x0000000008001c32                __aeabi_l2d
                0x0000000008001c32                __floatdidf
                0x0000000008001c56                __RAL_aeabi_l2d_common
 .text.libc.__uint64_to_float64
                0x0000000008001cd2       0x14 D:/CrossWorks for ARM 4.8/lib/libm_v7m_t_le_eabi.a(libm_asm.o)
                0x0000000008001cd2                __aeabi_ul2d
                0x0000000008001cd2                __floatundidf
                0x0000000008001cd2                __uint64_to_float64
 .text.libc.__float64_to_uint64
                0x0000000008001ce6       0x48 D:/CrossWorks for ARM 4.8/lib/libm_v7m_t_le_eabi.a(libm_asm.o)
                0x0000000008001ce6                __fixunsdfdi
                0x0000000008001ce6                __float64_to_uint64
                0x0000000008001ce6                __aeabi_d2ulz
 .text.libc.__float64_add
                0x0000000008001d2e      0x294 D:/CrossWorks for ARM 4.8/lib/libm_v7m_t_le_eabi.a(libm_asm.o)
                0x0000000008001d2e                __aeabi_drsub
                0x0000000008001d36                __aeabi_dsub
                0x0000000008001d36                __float64_sub
                0x0000000008001d36                __subdf3
                0x0000000008001d3a                __aeabi_dadd
                0x0000000008001d3a                __float64_add
                0x0000000008001d3a                __adddf3
 *fill*         0x0000000008001fc2        0x2 
 .text.libc.__float64_mul
                0x0000000008001fc4      0x16c D:/CrossWorks for ARM 4.8/lib/libm_v7m_t_le_eabi.a(libm_asm.o)
                0x0000000008001fc4                __float64_mul
                0x0000000008001fc4                __muldf3
                0x0000000008001fc4                __aeabi_dmul
 .text.libc.__float64_div
                0x0000000008002130      0x214 D:/CrossWorks for ARM 4.8/lib/libm_v7m_t_le_eabi.a(libm_asm.o)
                0x0000000008002130                __divdf3
                0x0000000008002130                __float64_div
                0x0000000008002130                __aeabi_ddiv
 .text.libc.__float64_cmpeq
                0x0000000008002344       0x32 D:/CrossWorks for ARM 4.8/lib/libm_v7m_t_le_eabi.a(libm_asm.o)
                0x0000000008002344                __aeabi_dcmpeq
 .text.libc.__float64_cmple
                0x0000000008002376       0x3c D:/CrossWorks for ARM 4.8/lib/libm_v7m_t_le_eabi.a(libm_asm.o)
                0x0000000008002376                __aeabi_dcmple
 .text.libc.__float64_cmpge
                0x00000000080023b2       0x3c D:/CrossWorks for ARM 4.8/lib/libm_v7m_t_le_eabi.a(libm_asm.o)
                0x00000000080023b2                __aeabi_dcmpge
 .text.libc.__float64_cmplt
                0x00000000080023ee       0x38 D:/CrossWorks for ARM 4.8/lib/libm_v7m_t_le_eabi.a(libm_asm.o)
                0x00000000080023ee                __aeabi_dcmplt
 .text.libc.__float64_cmpgt
                0x0000000008002426       0x38 D:/CrossWorks for ARM 4.8/lib/libm_v7m_t_le_eabi.a(libm_asm.o)
                0x0000000008002426                __aeabi_dcmpgt
 .text.libc.__float64_signbit
                0x000000000800245e        0x6 D:/CrossWorks for ARM 4.8/lib/libm_v7m_t_le_eabi.a(libm_asm.o)
                0x000000000800245e                __float64_signbit
 .text.libc.__float64_isinf
                0x0000000008002464       0x10 D:/CrossWorks for ARM 4.8/lib/libm_v7m_t_le_eabi.a(libm_asm.o)
                0x0000000008002464                __float64_isinf
 .text.libc.__float64_isnan
                0x0000000008002474       0x10 D:/CrossWorks for ARM 4.8/lib/libm_v7m_t_le_eabi.a(libm_asm.o)
                0x0000000008002474                __float64_isnan
 .text.libc.frexp
                0x0000000008002484       0x48 D:/CrossWorks for ARM 4.8/lib/libm_v7m_t_le_eabi.a(libm2.o)
                0x0000000008002484                frexpl(long double, int*)
                0x0000000008002484                frexpl
                0x0000000008002484                frexp
                0x0000000008002484                frexp(double, int*)
 .text.libc.ldexp
                0x00000000080024cc       0x68 D:/CrossWorks for ARM 4.8/lib/libm_v7m_t_le_eabi.a(libm2.o)
                0x00000000080024cc                ldexpl(long double, int)
                0x00000000080024cc                ldexp
                0x00000000080024cc                ldexpl
                0x00000000080024cc                ldexp(double, int)
 .text.libc.modf
                0x0000000008002534       0xa0 D:/CrossWorks for ARM 4.8/lib/libm_v7m_t_le_eabi.a(libm2.o)
                0x0000000008002534                modf
                0x0000000008002534                modf(double, double*)
                0x0000000008002534                modfl(long double, long double*)
                0x0000000008002534                modfl
 .text.libc.floor
                0x00000000080025d4       0x9c D:/CrossWorks for ARM 4.8/lib/libm_v7m_t_le_eabi.a(libm2.o)
                0x00000000080025d4                floorl
                0x00000000080025d4                floorl(long double)
                0x00000000080025d4                floor(double)
                0x00000000080025d4                floor
 .text.libc.fmod
                0x0000000008002670      0x16c D:/CrossWorks for ARM 4.8/lib/libm_v7m_t_le_eabi.a(libm2.o)
                0x0000000008002670                fmod
                0x0000000008002670                fmodl
                0x0000000008002670                fmodl(long double, long double)
                0x0000000008002670                fmod(double, double)
 .text.libc.fabs
                0x00000000080027dc        0x6 D:/CrossWorks for ARM 4.8/lib/libm_v7m_t_le_eabi.a(libm2_asm.o)
                0x00000000080027dc                fabsl
                0x00000000080027dc                fabs(double)
                0x00000000080027dc                fabsl(long double)
                0x00000000080027dc                fabs
                0x00000000080027e2                __text_end__ = (__text_start__ + SIZEOF (.text))
                0x0000000000002532                __text_size__ = SIZEOF (.text)
                0x00000000080027e2                __text_load_end__ = __text_end__

.vfp11_veneer   0x0000000100000000        0x0
 .vfp11_veneer  0x0000000100000000        0x0 linker stubs

.v4_bx          0x0000000100000000        0x0
 .v4_bx         0x0000000100000000        0x0 linker stubs

.iplt           0x0000000100000000        0x0
 .iplt          0x0000000100000000        0x0 Projeto3_Relogio THUMB Debug/main.o
                0x0000000000000001                . = ASSERT (((__text_start__ == __text_end__) || ((__text_end__ - __FLASH_segment_start__) <= __FLASH_segment_size__)), error: .text is too large to fit in FLASH memory segment)
                0x00000000080027e4                __dtors_load_start__ = ALIGN (__text_end__, 0x4)

.dtors          0x00000000080027e4        0x0
                0x00000000080027e4                __dtors_start__ = .
 *(SORT_BY_NAME(.dtors.*))
 *(.dtors)
 *(.fini_array)
 *(SORT_BY_NAME(.fini_array.*))
                0x00000000080027e4                __dtors_end__ = (__dtors_start__ + SIZEOF (.dtors))
                0x0000000000000000                __dtors_size__ = SIZEOF (.dtors)
                0x00000000080027e4                __dtors_load_end__ = __dtors_end__
                0x0000000000000001                . = ASSERT (((__dtors_start__ == __dtors_end__) || ((__dtors_end__ - __FLASH_segment_start__) <= __FLASH_segment_size__)), error: .dtors is too large to fit in FLASH memory segment)
                0x00000000080027e4                __ctors_load_start__ = ALIGN (__dtors_end__, 0x4)

.ctors          0x00000000080027e4        0x0
                0x00000000080027e4                __ctors_start__ = .
 *(SORT_BY_NAME(.ctors.*))
 *(.ctors)
 *(.init_array)
 *(SORT_BY_NAME(.init_array.*))
                0x00000000080027e4                __ctors_end__ = (__ctors_start__ + SIZEOF (.ctors))
                0x0000000000000000                __ctors_size__ = SIZEOF (.ctors)
                0x00000000080027e4                __ctors_load_end__ = __ctors_end__
                0x0000000000000001                . = ASSERT (((__ctors_start__ == __ctors_end__) || ((__ctors_end__ - __FLASH_segment_start__) <= __FLASH_segment_size__)), error: .ctors is too large to fit in FLASH memory segment)
                0x00000000080027e4                __rodata_load_start__ = ALIGN (__ctors_end__, 0x4)

.rodata         0x00000000080027e4      0x15c
                0x00000000080027e4                __rodata_start__ = .
 *(.rodata .rodata.* .gnu.linkonce.r.*)
 .rodata        0x00000000080027e4       0x16 Projeto3_Relogio THUMB Debug/main.o
 *fill*         0x00000000080027fa        0x2 
 .rodata.libc.__RAL_hex_lc
                0x00000000080027fc       0x10 D:/CrossWorks for ARM 4.8/lib/libc_v7m_t_le_eabi.a(libc2.o)
                0x00000000080027fc                __RAL_hex_lc
 .rodata.libc.__RAL_hex_uc
                0x000000000800280c       0x10 D:/CrossWorks for ARM 4.8/lib/libc_v7m_t_le_eabi.a(libc2.o)
                0x000000000800280c                __RAL_hex_uc
 .rodata.libc.__aeabi_EDOM
                0x000000000800281c        0x4 D:/CrossWorks for ARM 4.8/lib/libc_v7m_t_le_eabi.a(libc2.o)
                0x000000000800281c                __aeabi_EDOM
 .rodata.libc.__aeabi_ERANGE
                0x0000000008002820        0x4 D:/CrossWorks for ARM 4.8/lib/libc_v7m_t_le_eabi.a(libc2.o)
                0x0000000008002820                __aeabi_ERANGE
 *fill*         0x0000000008002824        0x4 
 .rodata.libc.power
                0x0000000008002828       0x48 D:/CrossWorks for ARM 4.8/lib/libc_v7m_t_le_eabi.a(libc2.o)
 .rodata.libc.__vfprintf_int.str1.4
                0x0000000008002870        0x7 D:/CrossWorks for ARM 4.8/lib/libc_v7m_t_le_eabi.a(libvfprintf.o)
 *fill*         0x0000000008002877        0x1 
 .rodata.libc.__vfprintf_float_long.str1.4
                0x0000000008002878       0x28 D:/CrossWorks for ARM 4.8/lib/libc_v7m_t_le_eabi.a(libvfprintf.o)
 .rodata.libc.ipow10
                0x00000000080028a0       0xa0 D:/CrossWorks for ARM 4.8/lib/libc_v7m_t_le_eabi.a(libvfprintf.o)
                0x0000000008002940                __rodata_end__ = (__rodata_start__ + SIZEOF (.rodata))
                0x000000000000015c                __rodata_size__ = SIZEOF (.rodata)
                0x0000000008002940                __rodata_load_end__ = __rodata_end__

.rel.dyn        0x0000000008000000        0x0
 .rel.iplt      0x0000000008000000        0x0 Projeto3_Relogio THUMB Debug/main.o
                0x0000000000000001                . = ASSERT (((__rodata_start__ == __rodata_end__) || ((__rodata_end__ - __FLASH_segment_start__) <= __FLASH_segment_size__)), error: .rodata is too large to fit in FLASH memory segment)
                0x0000000008002940                __ARM.exidx_load_start__ = ALIGN (__rodata_end__, 0x4)

.ARM.exidx      0x0000000008002940        0x0
                0x0000000008002940                __ARM.exidx_start__ = .
                0x0000000008002940                __exidx_start = __ARM.exidx_start__
 *(.ARM.exidx .ARM.exidx.*)
                0x0000000008002940                __ARM.exidx_end__ = (__ARM.exidx_start__ + SIZEOF (.ARM.exidx))
                0x0000000000000000                __ARM.exidx_size__ = SIZEOF (.ARM.exidx)
                0x0000000008002940                __exidx_end = __ARM.exidx_end__
                0x0000000008002940                __ARM.exidx_load_end__ = __ARM.exidx_end__
                0x0000000000000001                . = ASSERT (((__ARM.exidx_start__ == __ARM.exidx_end__) || ((__ARM.exidx_end__ - __FLASH_segment_start__) <= __FLASH_segment_size__)), error: .ARM.exidx is too large to fit in FLASH memory segment)
                0x0000000008002940                __fast_load_start__ = ALIGN (__ARM.exidx_end__, 0x4)

.fast           0x0000000020000000        0x0 load address 0x0000000008002940
                0x0000000020000000                __fast_start__ = .
 *(.fast .fast.*)
                0x0000000020000000                __fast_end__ = (__fast_start__ + SIZEOF (.fast))
                0x0000000000000000                __fast_size__ = SIZEOF (.fast)
                0x0000000008002940                __fast_load_end__ = (__fast_load_start__ + SIZEOF (.fast))
                0x0000000000000001                . = ASSERT (((__fast_load_start__ == __fast_load_end__) || ((__fast_load_end__ - __FLASH_segment_start__) <= __FLASH_segment_size__)), error: .fast is too large to fit in FLASH memory segment)

.fast_run       0x0000000020000000        0x0
                0x0000000020000000                __fast_run_start__ = .
                0x0000000020000000                . = MAX ((__fast_run_start__ + SIZEOF (.fast)), .)
                0x0000000020000000                __fast_run_end__ = (__fast_run_start__ + SIZEOF (.fast_run))
                0x0000000000000000                __fast_run_size__ = SIZEOF (.fast_run)
                0x0000000020000000                __fast_run_load_end__ = __fast_run_end__
                0x0000000000000001                . = ASSERT (((__fast_run_start__ == __fast_run_end__) || ((__fast_run_end__ - __RAM_segment_start__) <= __RAM_segment_size__)), error: .fast_run is too large to fit in RAM memory segment)
                0x0000000008002940                __data_load_start__ = ALIGN ((__fast_load_start__ + SIZEOF (.fast)), 0x4)

.data           0x0000000020000000       0x26 load address 0x0000000008002940
                0x0000000020000000                __data_start__ = .
 *(.data .data.* .gnu.linkonce.d.*)
 .data.relationClk
                0x0000000020000000        0x4 Projeto3_Relogio THUMB Debug/main.o
                0x0000000020000000                relationClk
 .data.clock_character_1
                0x0000000020000004        0x8 Projeto3_Relogio THUMB Debug/main.o
                0x0000000020000004                clock_character_1
 .data.clock_character_2
                0x000000002000000c        0x8 Projeto3_Relogio THUMB Debug/main.o
                0x000000002000000c                clock_character_2
 .data.clock_character_3
                0x0000000020000014        0x8 Projeto3_Relogio THUMB Debug/main.o
                0x0000000020000014                clock_character_3
 .data.clock_character_4
                0x000000002000001c        0x8 Projeto3_Relogio THUMB Debug/main.o
                0x000000002000001c                clock_character_4
 .data.clock_animation_frame
                0x0000000020000024        0x2 Projeto3_Relogio THUMB Debug/main.o
                0x0000000020000024                clock_animation_frame
                0x0000000020000026                __data_end__ = (__data_start__ + SIZEOF (.data))
                0x0000000000000026                __data_size__ = SIZEOF (.data)
                0x0000000008002966                __data_load_end__ = (__data_load_start__ + SIZEOF (.data))

.igot.plt       0x0000000100000000        0x0
 .igot.plt      0x0000000100000000        0x0 Projeto3_Relogio THUMB Debug/main.o
                0x0000000000000001                . = ASSERT (((__data_load_start__ == __data_load_end__) || ((__data_load_end__ - __FLASH_segment_start__) <= __FLASH_segment_size__)), error: .data is too large to fit in FLASH memory segment)

.data_run       0x0000000020000000       0x26 load address 0x0000000008002940
                0x0000000020000000                __data_run_start__ = .
                0x0000000020000026                . = MAX ((__data_run_start__ + SIZEOF (.data)), .)
 *fill*         0x0000000020000000       0x26 
                0x0000000020000026                __data_run_end__ = (__data_run_start__ + SIZEOF (.data_run))
                0x0000000000000026                __data_run_size__ = SIZEOF (.data_run)
                0x0000000020000026                __data_run_load_end__ = __data_run_end__
                0x0000000000000001                . = ASSERT (((__data_run_start__ == __data_run_end__) || ((__data_run_end__ - __RAM_segment_start__) <= __RAM_segment_size__)), error: .data_run is too large to fit in RAM memory segment)
                0x0000000020000028                __bss_load_start__ = ALIGN (__data_run_end__, 0x4)

.bss            0x0000000020000028       0x28
                0x0000000020000028                __bss_start__ = .
 *(.bss .bss.* .gnu.linkonce.b.*)
 .bss.ticks     0x0000000020000028        0x4 Projeto3_Relogio THUMB Debug/main.o
                0x0000000020000028                ticks
 .bss.buffer.0  0x000000002000002c       0x20 Projeto3_Relogio THUMB Debug/main.o
 .bss.libc.__user_format_extender
                0x000000002000004c        0x4 D:/CrossWorks for ARM 4.8/lib/libc_v7m_t_le_eabi.a(libc2.o)
                0x000000002000004c                __user_format_extender
 *(COMMON)
                0x0000000020000050                __bss_end__ = (__bss_start__ + SIZEOF (.bss))
                0x0000000000000028                __bss_size__ = SIZEOF (.bss)
                0x0000000020000050                __bss_load_end__ = __bss_end__
                0x0000000000000001                . = ASSERT (((__bss_start__ == __bss_end__) || ((__bss_end__ - __RAM_segment_start__) <= __RAM_segment_size__)), error: .bss is too large to fit in RAM memory segment)
                0x0000000020000050                __tbss_load_start__ = ALIGN (__bss_end__, 0x4)

.tbss           0x0000000020000050        0x4
                0x0000000020000050                __tbss_start__ = .
 *(.tbss .tbss.*)
 .tbss.errno_val
                0x0000000020000050        0x4 D:/CrossWorks for ARM 4.8/lib/libc_v7m_t_le_eabi.a(libc2.o)
                0x0000000020000054                __tbss_end__ = (__tbss_start__ + SIZEOF (.tbss))
                0x0000000000000004                __tbss_size__ = SIZEOF (.tbss)
                0x0000000020000054                __tbss_load_end__ = __tbss_end__
                0x0000000000000001                . = ASSERT (((__tbss_start__ == __tbss_end__) || ((__tbss_end__ - __RAM_segment_start__) <= __RAM_segment_size__)), error: .tbss is too large to fit in RAM memory segment)
                0x0000000008002968                __tdata_load_start__ = ALIGN ((__data_load_start__ + SIZEOF (.data)), 0x4)

.tdata          0x0000000020000054        0x0 load address 0x0000000008002968
                0x0000000020000054                __tdata_start__ = .
 *(.tdata .tdata.*)
                0x0000000020000054                __tdata_end__ = (__tdata_start__ + SIZEOF (.tdata))
                0x0000000000000000                __tdata_size__ = SIZEOF (.tdata)
                0x0000000008002968                __tdata_load_end__ = (__tdata_load_start__ + SIZEOF (.tdata))
                0x0000000008002968                __FLASH_segment_used_end__ = (ALIGN ((__data_load_start__ + SIZEOF (.data)), 0x4) + SIZEOF (.tdata))
                0x0000000000002968                __FLASH_segment_used_size__ = (__FLASH_segment_used_end__ - __FLASH_segment_start__)
                0x0000000000000001                . = ASSERT (((__tdata_load_start__ == __tdata_load_end__) || ((__tdata_load_end__ - __FLASH_segment_start__) <= __FLASH_segment_size__)), error: .tdata is too large to fit in FLASH memory segment)

.tdata_run      0x0000000020000054        0x0
                0x0000000020000054                __tdata_run_start__ = .
                0x0000000020000054                . = MAX ((__tdata_run_start__ + SIZEOF (.tdata)), .)
                0x0000000020000054                __tdata_run_end__ = (__tdata_run_start__ + SIZEOF (.tdata_run))
                0x0000000000000000                __tdata_run_size__ = SIZEOF (.tdata_run)
                0x0000000020000054                __tdata_run_load_end__ = __tdata_run_end__
                0x0000000000000001                . = ASSERT (((__tdata_run_start__ == __tdata_run_end__) || ((__tdata_run_end__ - __RAM_segment_start__) <= __RAM_segment_size__)), error: .tdata_run is too large to fit in RAM memory segment)
                0x0000000020000054                __non_init_load_start__ = ALIGN (__tdata_run_end__, 0x4)

.non_init       0x0000000020000054        0x0
                0x0000000020000054                __non_init_start__ = .
 *(.non_init .non_init.*)
                0x0000000020000054                __non_init_end__ = (__non_init_start__ + SIZEOF (.non_init))
                0x0000000000000000                __non_init_size__ = SIZEOF (.non_init)
                0x0000000020000054                __non_init_load_end__ = __non_init_end__
                0x0000000000000001                . = ASSERT (((__non_init_start__ == __non_init_end__) || ((__non_init_end__ - __RAM_segment_start__) <= __RAM_segment_size__)), error: .non_init is too large to fit in RAM memory segment)
                0x0000000020000058                __heap_load_start__ = ALIGN (__non_init_end__, 0x8)

.heap           0x0000000020000058       0x80
                0x0000000020000058                __heap_start__ = .
 *(.heap .heap.*)
                0x00000000200000d8                . = ALIGN (MAX ((__heap_start__ + __HEAPSIZE__), .), 0x8)
 *fill*         0x0000000020000058       0x80 
                0x00000000200000d8                __heap_end__ = (__heap_start__ + SIZEOF (.heap))
                0x0000000000000080                __heap_size__ = SIZEOF (.heap)
                0x00000000200000d8                __heap_load_end__ = __heap_end__
                0x0000000000000001                . = ASSERT (((__heap_start__ == __heap_end__) || ((__heap_end__ - __RAM_segment_start__) <= __RAM_segment_size__)), error: .heap is too large to fit in RAM memory segment)
                0x00000000200000d8                __stack_load_start__ = ALIGN (__heap_end__, 0x8)

.stack          0x00000000200000d8      0x100
                0x00000000200000d8                __stack_start__ = .
 *(.stack .stack.*)
                0x00000000200001d8                . = ALIGN (MAX ((__stack_start__ + __STACKSIZE__), .), 0x8)
 *fill*         0x00000000200000d8      0x100 
                0x00000000200001d8                __stack_end__ = (__stack_start__ + SIZEOF (.stack))
                0x0000000000000100                __stack_size__ = SIZEOF (.stack)
                0x00000000200001d8                __stack_load_end__ = __stack_end__
                0x0000000000000001                . = ASSERT (((__stack_start__ == __stack_end__) || ((__stack_end__ - __RAM_segment_start__) <= __RAM_segment_size__)), error: .stack is too large to fit in RAM memory segment)
                0x00000000200001d8                __stack_process_load_start__ = ALIGN (__stack_end__, 0x8)

.stack_process  0x00000000200001d8        0x0
                0x00000000200001d8                __stack_process_start__ = .
 *(.stack_process .stack_process.*)
                0x00000000200001d8                . = ALIGN (MAX ((__stack_process_start__ + __STACKSIZE_PROCESS__), .), 0x8)
                0x00000000200001d8                __stack_process_end__ = (__stack_process_start__ + SIZEOF (.stack_process))
                0x0000000000000000                __stack_process_size__ = SIZEOF (.stack_process)
                0x00000000200001d8                __stack_process_load_end__ = __stack_process_end__
                0x00000000200001d8                __RAM_segment_used_end__ = (ALIGN (__stack_end__, 0x8) + SIZEOF (.stack_process))
                0x00000000000001d8                __RAM_segment_used_size__ = (__RAM_segment_used_end__ - __RAM_segment_start__)
                0x0000000000000001                . = ASSERT (((__stack_process_start__ == __stack_process_end__) || ((__stack_process_end__ - __RAM_segment_start__) <= __RAM_segment_size__)), error: .stack_process is too large to fit in RAM memory segment)
START GROUP
LOAD Projeto3_Relogio THUMB Debug/main.o
LOAD Projeto3_Relogio THUMB Debug/gpio.o
LOAD Projeto3_Relogio THUMB Debug/lcd.o
LOAD Projeto3_Relogio THUMB Debug/thumb_crt0.o
LOAD Projeto3_Relogio THUMB Debug/STM32_Startup.o
LOAD D:/CrossWorks for ARM 4.8/lib/libm_v7m_t_le_eabi.a
LOAD D:/CrossWorks for ARM 4.8/lib/libc_v7m_t_le_eabi.a
LOAD D:/CrossWorks for ARM 4.8/lib/libdebugio_v7m_t_le_eabi.a
LOAD D:/CrossWorks for ARM 4.8/lib/libcm_v7m_t_le_eabi.a
END GROUP
OUTPUT(Projeto3_Relogio THUMB Debug/Projeto3_Relogio.elf elf32-littlearm)
LOAD linker stubs

.debug_frame    0x0000000000000000      0x3c0
 .debug_frame   0x0000000000000000      0x180 Projeto3_Relogio THUMB Debug/main.o
 .debug_frame   0x0000000000000180       0x8c Projeto3_Relogio THUMB Debug/gpio.o
 .debug_frame   0x000000000000020c      0x1b4 Projeto3_Relogio THUMB Debug/lcd.o

.debug_info     0x0000000000000000      0xea8
 .debug_info    0x0000000000000000      0x806 Projeto3_Relogio THUMB Debug/main.o
 .debug_info    0x0000000000000806      0x30d Projeto3_Relogio THUMB Debug/gpio.o
 .debug_info    0x0000000000000b13      0x350 Projeto3_Relogio THUMB Debug/lcd.o
 .debug_info    0x0000000000000e63       0x22 Projeto3_Relogio THUMB Debug/thumb_crt0.o
 .debug_info    0x0000000000000e85       0x23 Projeto3_Relogio THUMB Debug/STM32_Startup.o

.debug_abbrev   0x0000000000000000      0x4ef
 .debug_abbrev  0x0000000000000000      0x244 Projeto3_Relogio THUMB Debug/main.o
 .debug_abbrev  0x0000000000000244      0x13b Projeto3_Relogio THUMB Debug/gpio.o
 .debug_abbrev  0x000000000000037f      0x14a Projeto3_Relogio THUMB Debug/lcd.o
 .debug_abbrev  0x00000000000004c9       0x12 Projeto3_Relogio THUMB Debug/thumb_crt0.o
 .debug_abbrev  0x00000000000004db       0x14 Projeto3_Relogio THUMB Debug/STM32_Startup.o

.debug_pubnames
                0x0000000000000000      0xa3e
 .debug_pubnames
                0x0000000000000000      0x58f Projeto3_Relogio THUMB Debug/main.o
 .debug_pubnames
                0x000000000000058f      0x21e Projeto3_Relogio THUMB Debug/gpio.o
 .debug_pubnames
                0x00000000000007ad      0x291 Projeto3_Relogio THUMB Debug/lcd.o

.debug_pubtypes
                0x0000000000000000      0x2d3
 .debug_pubtypes
                0x0000000000000000      0x11d Projeto3_Relogio THUMB Debug/main.o
 .debug_pubtypes
                0x000000000000011d       0xf9 Projeto3_Relogio THUMB Debug/gpio.o
 .debug_pubtypes
                0x0000000000000216       0xbd Projeto3_Relogio THUMB Debug/lcd.o

.debug_aranges  0x0000000000000000      0x1d8
 .debug_aranges
                0x0000000000000000       0x78 Projeto3_Relogio THUMB Debug/main.o
 .debug_aranges
                0x0000000000000078       0x38 Projeto3_Relogio THUMB Debug/gpio.o
 .debug_aranges
                0x00000000000000b0       0x70 Projeto3_Relogio THUMB Debug/lcd.o
 .debug_aranges
                0x0000000000000120       0x98 Projeto3_Relogio THUMB Debug/thumb_crt0.o
 .debug_aranges
                0x00000000000001b8       0x20 Projeto3_Relogio THUMB Debug/STM32_Startup.o

.debug_ranges   0x0000000000000000      0x180
 .debug_ranges  0x0000000000000000       0x68 Projeto3_Relogio THUMB Debug/main.o
 .debug_ranges  0x0000000000000068       0x28 Projeto3_Relogio THUMB Debug/gpio.o
 .debug_ranges  0x0000000000000090       0x60 Projeto3_Relogio THUMB Debug/lcd.o
 .debug_ranges  0x00000000000000f0       0x90 Projeto3_Relogio THUMB Debug/thumb_crt0.o

.debug_macro    0x0000000000000000     0x9aa2
 .debug_macro   0x0000000000000000       0x9a Projeto3_Relogio THUMB Debug/main.o
 .debug_macro   0x000000000000009a      0xab4 Projeto3_Relogio THUMB Debug/main.o
 .debug_macro   0x0000000000000b4e       0x89 Projeto3_Relogio THUMB Debug/main.o
 .debug_macro   0x0000000000000bd7       0x2e Projeto3_Relogio THUMB Debug/main.o
 .debug_macro   0x0000000000000c05       0x56 Projeto3_Relogio THUMB Debug/main.o
 .debug_macro   0x0000000000000c5b      0x18d Projeto3_Relogio THUMB Debug/main.o
 .debug_macro   0x0000000000000de8       0x1c Projeto3_Relogio THUMB Debug/main.o
 .debug_macro   0x0000000000000e04       0x22 Projeto3_Relogio THUMB Debug/main.o
 .debug_macro   0x0000000000000e26       0xd8 Projeto3_Relogio THUMB Debug/main.o
 .debug_macro   0x0000000000000efe      0xcc1 Projeto3_Relogio THUMB Debug/main.o
 .debug_macro   0x0000000000001bbf     0x7da9 Projeto3_Relogio THUMB Debug/main.o
 .debug_macro   0x0000000000009968       0x6e Projeto3_Relogio THUMB Debug/gpio.o
 .debug_macro   0x00000000000099d6       0xcc Projeto3_Relogio THUMB Debug/lcd.o

.debug_line     0x0000000000000000      0xee6
 .debug_line    0x0000000000000000      0x4b4 Projeto3_Relogio THUMB Debug/main.o
 .debug_line    0x00000000000004b4      0x2a3 Projeto3_Relogio THUMB Debug/gpio.o
 .debug_line    0x0000000000000757      0x474 Projeto3_Relogio THUMB Debug/lcd.o
 .debug_line    0x0000000000000bcb      0x221 Projeto3_Relogio THUMB Debug/thumb_crt0.o
 .debug_line    0x0000000000000dec       0xfa Projeto3_Relogio THUMB Debug/STM32_Startup.o

.debug_str      0x0000000000000000    0x348ca
 .debug_str     0x0000000000000000    0x340f1 Projeto3_Relogio THUMB Debug/main.o
                                      0x34188 (size before relaxing)
 .debug_str     0x00000000000340f1      0x296 Projeto3_Relogio THUMB Debug/gpio.o
                                      0x33ba9 (size before relaxing)
 .debug_str     0x0000000000034387      0x42a Projeto3_Relogio THUMB Debug/lcd.o
                                      0x33ee5 (size before relaxing)
 .debug_str     0x00000000000347b1       0xa3 Projeto3_Relogio THUMB Debug/thumb_crt0.o
 .debug_str     0x0000000000034854       0x76 Projeto3_Relogio THUMB Debug/STM32_Startup.o
                                         0xc1 (size before relaxing)

.comment        0x0000000000000000       0x25
 .comment       0x0000000000000000       0x25 Projeto3_Relogio THUMB Debug/main.o
                                         0x26 (size before relaxing)
 .comment       0x0000000000000025       0x26 Projeto3_Relogio THUMB Debug/gpio.o
 .comment       0x0000000000000025       0x26 Projeto3_Relogio THUMB Debug/lcd.o
 .comment       0x0000000000000025       0x26 D:/CrossWorks for ARM 4.8/lib/libc_v7m_t_le_eabi.a(libc2.o)
 .comment       0x0000000000000025       0x26 D:/CrossWorks for ARM 4.8/lib/libc_v7m_t_le_eabi.a(libvfprintf.o)
 .comment       0x0000000000000025       0x26 D:/CrossWorks for ARM 4.8/lib/libm_v7m_t_le_eabi.a(libm2.o)

.ARM.attributes
                0x0000000000000000       0x31
 .ARM.attributes
                0x0000000000000000       0x33 Projeto3_Relogio THUMB Debug/main.o
 .ARM.attributes
                0x0000000000000033       0x33 Projeto3_Relogio THUMB Debug/gpio.o
 .ARM.attributes
                0x0000000000000066       0x33 Projeto3_Relogio THUMB Debug/lcd.o
 .ARM.attributes
                0x0000000000000099       0x21 Projeto3_Relogio THUMB Debug/thumb_crt0.o
 .ARM.attributes
                0x00000000000000ba       0x21 Projeto3_Relogio THUMB Debug/STM32_Startup.o
 .ARM.attributes
                0x00000000000000db       0x2d D:/CrossWorks for ARM 4.8/lib/libc_v7m_t_le_eabi.a(libc2.o)
 .ARM.attributes
                0x0000000000000108       0x1b D:/CrossWorks for ARM 4.8/lib/libc_v7m_t_le_eabi.a(libc2_asm.o)
 .ARM.attributes
                0x0000000000000123       0x2d D:/CrossWorks for ARM 4.8/lib/libc_v7m_t_le_eabi.a(libvfprintf.o)
 .ARM.attributes
                0x0000000000000150       0x1b D:/CrossWorks for ARM 4.8/lib/libc_v7m_t_le_eabi.a(libc_asm.o)
 .ARM.attributes
                0x000000000000016b       0x1b D:/CrossWorks for ARM 4.8/lib/libm_v7m_t_le_eabi.a(libm_asm.o)
 .ARM.attributes
                0x0000000000000186       0x2d D:/CrossWorks for ARM 4.8/lib/libm_v7m_t_le_eabi.a(libm2.o)
 .ARM.attributes
                0x00000000000001b3       0x1b D:/CrossWorks for ARM 4.8/lib/libm_v7m_t_le_eabi.a(libm2_asm.o)
